
==========================================================================
Post synthesis report_tns
--------------------------------------------------------------------------
tns max 0.00

==========================================================================
Post synthesis report_wns
--------------------------------------------------------------------------
wns max 0.00

==========================================================================
Post synthesis report_worst_slack
--------------------------------------------------------------------------
worst slack max 40.17

==========================================================================
Post synthesis report_checks -path_delay min
--------------------------------------------------------------------------
Startpoint: rst_n (input port clocked by clk)
Endpoint: u_cmp.buf_idx[0]$_DFFE_PN0P_
          (removal check against rising-edge clock clk)
Path Group: asynchronous
Path Type: min

Fanout     Cap    Slew   Delay    Time   Description
-----------------------------------------------------------------------------
                  0.00    0.00    0.00   clock clk (rise edge)
                          0.00    0.00   clock network delay (ideal)
                        200.00  200.00 ^ input external delay
 10907 9905.09    0.00    0.00  200.00 ^ rst_n (in)
                                         rst_n (net)
                  0.00    0.00  200.00 ^ u_cmp.buf_idx[0]$_DFFE_PN0P_/SETN (DFFASRHQNx1_ASAP7_75t_R)
                                200.00   data arrival time

                  0.00    0.00    0.00   clock clk (rise edge)
                          0.00    0.00   clock network delay (ideal)
                          0.00    0.00   clock reconvergence pessimism
                                  0.00 ^ u_cmp.buf_idx[0]$_DFFE_PN0P_/CLK (DFFASRHQNx1_ASAP7_75t_R)
                         25.79   25.79   library removal time
                                 25.79   data required time
-----------------------------------------------------------------------------
                                 25.79   data required time
                               -200.00   data arrival time
-----------------------------------------------------------------------------
                                174.21   slack (MET)


Startpoint: u_conv1.u_conv1_buf.data_out_0[0]$_DFFE_PP_
            (rising edge-triggered flip-flop clocked by clk)
Endpoint: u_conv1.u_conv1_calc.din_r[0][0]$_DFF_PN0_
          (rising edge-triggered flip-flop clocked by clk)
Path Group: clk
Path Type: min

Fanout     Cap    Slew   Delay    Time   Description
-----------------------------------------------------------------------------
                  0.00    0.00    0.00   clock clk (rise edge)
                          0.00    0.00   clock network delay (ideal)
                  0.00    0.00    0.00 ^ u_conv1.u_conv1_buf.data_out_0[0]$_DFFE_PP_/CLK (DFFHQNx1_ASAP7_75t_R)
     1    0.51   11.24   31.22   31.22 ^ u_conv1.u_conv1_buf.data_out_0[0]$_DFFE_PP_/QN (DFFHQNx1_ASAP7_75t_R)
                                         _021248_ (net)
                 11.24    0.00   31.22 ^ _294929_/A (INVx1_ASAP7_75t_R)
     2    1.31    9.37    7.84   39.06 v _294929_/Y (INVx1_ASAP7_75t_R)
                                         u_conv1.data_out_0[0] (net)
                  9.37    0.00   39.06 v u_conv1.u_conv1_calc.din_r[0][0]$_DFF_PN0_/D (DFFASRHQNx1_ASAP7_75t_R)
                                 39.06   data arrival time

                  0.00    0.00    0.00   clock clk (rise edge)
                          0.00    0.00   clock network delay (ideal)
                          0.00    0.00   clock reconvergence pessimism
                                  0.00 ^ u_conv1.u_conv1_calc.din_r[0][0]$_DFF_PN0_/CLK (DFFASRHQNx1_ASAP7_75t_R)
                          8.92    8.92   library hold time
                                  8.92   data required time
-----------------------------------------------------------------------------
                                  8.92   data required time
                                -39.06   data arrival time
-----------------------------------------------------------------------------
                                 30.14   slack (MET)



==========================================================================
Post synthesis report_checks -path_delay max
--------------------------------------------------------------------------
Startpoint: rst_n (input port clocked by clk)
Endpoint: u_cmp.buf_idx[0]$_DFFE_PN0P_
          (recovery check against rising-edge clock clk)
Path Group: asynchronous
Path Type: max

Fanout     Cap    Slew   Delay    Time   Description
-----------------------------------------------------------------------------
                  0.00    0.00    0.00   clock clk (rise edge)
                          0.00    0.00   clock network delay (ideal)
                        200.00  200.00 ^ input external delay
 10907 12662.04    0.00    0.00  200.00 ^ rst_n (in)
                                         rst_n (net)
                  0.00    0.00  200.00 ^ u_cmp.buf_idx[0]$_DFFE_PN0P_/SETN (DFFASRHQNx1_ASAP7_75t_R)
                                200.00   data arrival time

                  0.00 1000.00 1000.00   clock clk (rise edge)
                          0.00 1000.00   clock network delay (ideal)
                          0.00 1000.00   clock reconvergence pessimism
                               1000.00 ^ u_cmp.buf_idx[0]$_DFFE_PN0P_/CLK (DFFASRHQNx1_ASAP7_75t_R)
                          6.99 1006.99   library recovery time
                               1006.99   data required time
-----------------------------------------------------------------------------
                               1006.99   data required time
                               -200.00   data arrival time
-----------------------------------------------------------------------------
                                806.99   slack (MET)


Startpoint: scale_2[1] (input port clocked by clk)
Endpoint: u_conv1.u_conv1_calc.s2_sc_r[14]$_DFFE_PN0P_
          (rising edge-triggered flip-flop clocked by clk)
Path Group: clk
Path Type: max

Fanout     Cap    Slew   Delay    Time   Description
-----------------------------------------------------------------------------
                  0.00    0.00    0.00   clock clk (rise edge)
                          0.00    0.00   clock network delay (ideal)
                        200.00  200.00 ^ input external delay
     1    0.58    0.00    0.00  200.00 ^ scale_2[1] (in)
                                         scale_2[1] (net)
                  0.00    0.00  200.00 ^ _284899_/A (BUFx2_ASAP7_75t_R)
     7    7.06   23.76   19.46  219.46 ^ _284899_/Y (BUFx2_ASAP7_75t_R)
                                         _107839_ (net)
                 23.76    0.00  219.46 ^ _284900_/A (INVx1_ASAP7_75t_R)
     6    5.48   30.61   21.67  241.14 v _284900_/Y (INVx1_ASAP7_75t_R)
                                         _107840_ (net)
                 30.61    0.00  241.14 v _285063_/B (NOR2x1_ASAP7_75t_R)
     3    4.29   36.52   26.06  267.20 ^ _285063_/Y (NOR2x1_ASAP7_75t_R)
                                         _036351_ (net)
                 36.52    0.00  267.20 ^ _477554_/A (FAx1_ASAP7_75t_R)
     3    4.47   76.60   95.65  362.84 v _477554_/SN (FAx1_ASAP7_75t_R)
                                         _036418_ (net)
                 76.60    0.00  362.84 v _304671_/A (INVx1_ASAP7_75t_R)
     3    6.16   52.90   41.58  404.43 ^ _304671_/Y (INVx1_ASAP7_75t_R)
                                         _036417_ (net)
                 52.90    0.00  404.43 ^ _477606_/A (FAx1_ASAP7_75t_R)
     4    7.22  116.50  140.36  544.78 v _477606_/SN (FAx1_ASAP7_75t_R)
                                         _036525_ (net)
                116.50    0.00  544.78 v _477607_/A (FAx1_ASAP7_75t_R)
     1    1.61   56.79   44.38  589.17 ^ _477607_/CON (FAx1_ASAP7_75t_R)
                                         _256889_ (net)
     1    0.68   42.65   17.74  606.90 v _477607_/SN (FAx1_ASAP7_75t_R)
                                         _067213_ (net)
                 42.65    0.00  606.90 v _469295_/A (INVx1_ASAP7_75t_R)
     1    2.00   22.21   18.13  625.04 ^ _469295_/Y (INVx1_ASAP7_75t_R)
                                         _036526_ (net)
                 22.21    0.00  625.04 ^ _477608_/A (FAx1_ASAP7_75t_R)
     1    0.68   22.96   35.55  660.59 v _477608_/SN (FAx1_ASAP7_75t_R)
                                         _067215_ (net)
                 22.96    0.00  660.59 v _469300_/A (INVx1_ASAP7_75t_R)
     1    2.17   18.42   14.54  675.13 ^ _469300_/Y (INVx1_ASAP7_75t_R)
                                         _036528_ (net)
                 18.42    0.00  675.13 ^ _477610_/B (FAx1_ASAP7_75t_R)
     1    0.68   28.76   33.79  708.91 v _477610_/SN (FAx1_ASAP7_75t_R)
                                         _067217_ (net)
                 28.76    0.00  708.91 v _469326_/A (INVx1_ASAP7_75t_R)
     1    2.17   19.87   15.88  724.79 ^ _469326_/Y (INVx1_ASAP7_75t_R)
                                         _036530_ (net)
                 19.87    0.00  724.79 ^ _477611_/B (FAx1_ASAP7_75t_R)
     1    1.00   30.90   19.49  744.28 v _477611_/CON (FAx1_ASAP7_75t_R)
                                         _258964_ (net)
     1    1.06   40.39   19.06  763.33 ^ _477611_/SN (FAx1_ASAP7_75t_R)
                                         _258961_ (net)
                 40.39    0.00  763.33 ^ _488869_/A (HAxp5_ASAP7_75t_R)
     3    2.42   43.32   46.10  809.44 ^ _488869_/SN (HAxp5_ASAP7_75t_R)
                                         _067219_ (net)
                 43.32    0.00  809.44 ^ _325113_/B (NOR2x1_ASAP7_75t_R)
     4    2.40   29.10   21.36  830.80 v _325113_/Y (NOR2x1_ASAP7_75t_R)
                                         _132249_ (net)
                 29.10    0.00  830.80 v _325114_/B (AND2x2_ASAP7_75t_R)
     2    1.06    7.65   23.13  853.93 v _325114_/Y (AND2x2_ASAP7_75t_R)
                                         _132250_ (net)
                  7.65    0.00  853.93 v _325115_/B (AND2x2_ASAP7_75t_R)
     2    1.21    7.58   16.37  870.30 v _325115_/Y (AND2x2_ASAP7_75t_R)
                                         _132251_ (net)
                  7.58    0.00  870.30 v _325122_/B1 (AO221x1_ASAP7_75t_R)
     1    0.63    8.39   19.28  889.57 v _325122_/Y (AO221x1_ASAP7_75t_R)
                                         _132258_ (net)
                  8.39    0.00  889.57 v _325123_/B (AO21x1_ASAP7_75t_R)
     1    1.00    8.48   16.58  906.16 v _325123_/Y (AO21x1_ASAP7_75t_R)
                                         _132259_ (net)
                  8.48    0.00  906.16 v _325125_/A (XOR2x2_ASAP7_75t_R)
     1    0.62    7.85   26.42  932.58 ^ _325125_/Y (XOR2x2_ASAP7_75t_R)
                                         _132261_ (net)
                  7.85    0.00  932.58 ^ _325128_/A1 (AO21x1_ASAP7_75t_R)
     1    0.62    7.64   12.50  945.08 ^ _325128_/Y (AO21x1_ASAP7_75t_R)
                                         _071993_ (net)
                  7.64    0.00  945.08 ^ u_conv1.u_conv1_calc.s2_sc_r[14]$_DFFE_PN0P_/D (DFFASRHQNx1_ASAP7_75t_R)
                                945.08   data arrival time

                  0.00 1000.00 1000.00   clock clk (rise edge)
                          0.00 1000.00   clock network delay (ideal)
                          0.00 1000.00   clock reconvergence pessimism
                               1000.00 ^ u_conv1.u_conv1_calc.s2_sc_r[14]$_DFFE_PN0P_/CLK (DFFASRHQNx1_ASAP7_75t_R)
                        -14.75  985.25   library setup time
                                985.25   data required time
-----------------------------------------------------------------------------
                                985.25   data required time
                               -945.08   data arrival time
-----------------------------------------------------------------------------
                                 40.17   slack (MET)



==========================================================================
Post synthesis report_checks -unconstrained
--------------------------------------------------------------------------
Startpoint: rst_n (input port clocked by clk)
Endpoint: u_cmp.buf_idx[0]$_DFFE_PN0P_
          (recovery check against rising-edge clock clk)
Path Group: asynchronous
Path Type: max

Fanout     Cap    Slew   Delay    Time   Description
-----------------------------------------------------------------------------
                  0.00    0.00    0.00   clock clk (rise edge)
                          0.00    0.00   clock network delay (ideal)
                        200.00  200.00 ^ input external delay
 10907 12662.04    0.00    0.00  200.00 ^ rst_n (in)
                                         rst_n (net)
                  0.00    0.00  200.00 ^ u_cmp.buf_idx[0]$_DFFE_PN0P_/SETN (DFFASRHQNx1_ASAP7_75t_R)
                                200.00   data arrival time

                  0.00 1000.00 1000.00   clock clk (rise edge)
                          0.00 1000.00   clock network delay (ideal)
                          0.00 1000.00   clock reconvergence pessimism
                               1000.00 ^ u_cmp.buf_idx[0]$_DFFE_PN0P_/CLK (DFFASRHQNx1_ASAP7_75t_R)
                          6.99 1006.99   library recovery time
                               1006.99   data required time
-----------------------------------------------------------------------------
                               1006.99   data required time
                               -200.00   data arrival time
-----------------------------------------------------------------------------
                                806.99   slack (MET)


Startpoint: scale_2[1] (input port clocked by clk)
Endpoint: u_conv1.u_conv1_calc.s2_sc_r[14]$_DFFE_PN0P_
          (rising edge-triggered flip-flop clocked by clk)
Path Group: clk
Path Type: max

Fanout     Cap    Slew   Delay    Time   Description
-----------------------------------------------------------------------------
                  0.00    0.00    0.00   clock clk (rise edge)
                          0.00    0.00   clock network delay (ideal)
                        200.00  200.00 ^ input external delay
     1    0.58    0.00    0.00  200.00 ^ scale_2[1] (in)
                                         scale_2[1] (net)
                  0.00    0.00  200.00 ^ _284899_/A (BUFx2_ASAP7_75t_R)
     7    7.06   23.76   19.46  219.46 ^ _284899_/Y (BUFx2_ASAP7_75t_R)
                                         _107839_ (net)
                 23.76    0.00  219.46 ^ _284900_/A (INVx1_ASAP7_75t_R)
     6    5.48   30.61   21.67  241.14 v _284900_/Y (INVx1_ASAP7_75t_R)
                                         _107840_ (net)
                 30.61    0.00  241.14 v _285063_/B (NOR2x1_ASAP7_75t_R)
     3    4.29   36.52   26.06  267.20 ^ _285063_/Y (NOR2x1_ASAP7_75t_R)
                                         _036351_ (net)
                 36.52    0.00  267.20 ^ _477554_/A (FAx1_ASAP7_75t_R)
     3    4.47   76.60   95.65  362.84 v _477554_/SN (FAx1_ASAP7_75t_R)
                                         _036418_ (net)
                 76.60    0.00  362.84 v _304671_/A (INVx1_ASAP7_75t_R)
     3    6.16   52.90   41.58  404.43 ^ _304671_/Y (INVx1_ASAP7_75t_R)
                                         _036417_ (net)
                 52.90    0.00  404.43 ^ _477606_/A (FAx1_ASAP7_75t_R)
     4    7.22  116.50  140.36  544.78 v _477606_/SN (FAx1_ASAP7_75t_R)
                                         _036525_ (net)
                116.50    0.00  544.78 v _477607_/A (FAx1_ASAP7_75t_R)
     1    1.61   56.79   44.38  589.17 ^ _477607_/CON (FAx1_ASAP7_75t_R)
                                         _256889_ (net)
     1    0.68   42.65   17.74  606.90 v _477607_/SN (FAx1_ASAP7_75t_R)
                                         _067213_ (net)
                 42.65    0.00  606.90 v _469295_/A (INVx1_ASAP7_75t_R)
     1    2.00   22.21   18.13  625.04 ^ _469295_/Y (INVx1_ASAP7_75t_R)
                                         _036526_ (net)
                 22.21    0.00  625.04 ^ _477608_/A (FAx1_ASAP7_75t_R)
     1    0.68   22.96   35.55  660.59 v _477608_/SN (FAx1_ASAP7_75t_R)
                                         _067215_ (net)
                 22.96    0.00  660.59 v _469300_/A (INVx1_ASAP7_75t_R)
     1    2.17   18.42   14.54  675.13 ^ _469300_/Y (INVx1_ASAP7_75t_R)
                                         _036528_ (net)
                 18.42    0.00  675.13 ^ _477610_/B (FAx1_ASAP7_75t_R)
     1    0.68   28.76   33.79  708.91 v _477610_/SN (FAx1_ASAP7_75t_R)
                                         _067217_ (net)
                 28.76    0.00  708.91 v _469326_/A (INVx1_ASAP7_75t_R)
     1    2.17   19.87   15.88  724.79 ^ _469326_/Y (INVx1_ASAP7_75t_R)
                                         _036530_ (net)
                 19.87    0.00  724.79 ^ _477611_/B (FAx1_ASAP7_75t_R)
     1    1.00   30.90   19.49  744.28 v _477611_/CON (FAx1_ASAP7_75t_R)
                                         _258964_ (net)
     1    1.06   40.39   19.06  763.33 ^ _477611_/SN (FAx1_ASAP7_75t_R)
                                         _258961_ (net)
                 40.39    0.00  763.33 ^ _488869_/A (HAxp5_ASAP7_75t_R)
     3    2.42   43.32   46.10  809.44 ^ _488869_/SN (HAxp5_ASAP7_75t_R)
                                         _067219_ (net)
                 43.32    0.00  809.44 ^ _325113_/B (NOR2x1_ASAP7_75t_R)
     4    2.40   29.10   21.36  830.80 v _325113_/Y (NOR2x1_ASAP7_75t_R)
                                         _132249_ (net)
                 29.10    0.00  830.80 v _325114_/B (AND2x2_ASAP7_75t_R)
     2    1.06    7.65   23.13  853.93 v _325114_/Y (AND2x2_ASAP7_75t_R)
                                         _132250_ (net)
                  7.65    0.00  853.93 v _325115_/B (AND2x2_ASAP7_75t_R)
     2    1.21    7.58   16.37  870.30 v _325115_/Y (AND2x2_ASAP7_75t_R)
                                         _132251_ (net)
                  7.58    0.00  870.30 v _325122_/B1 (AO221x1_ASAP7_75t_R)
     1    0.63    8.39   19.28  889.57 v _325122_/Y (AO221x1_ASAP7_75t_R)
                                         _132258_ (net)
                  8.39    0.00  889.57 v _325123_/B (AO21x1_ASAP7_75t_R)
     1    1.00    8.48   16.58  906.16 v _325123_/Y (AO21x1_ASAP7_75t_R)
                                         _132259_ (net)
                  8.48    0.00  906.16 v _325125_/A (XOR2x2_ASAP7_75t_R)
     1    0.62    7.85   26.42  932.58 ^ _325125_/Y (XOR2x2_ASAP7_75t_R)
                                         _132261_ (net)
                  7.85    0.00  932.58 ^ _325128_/A1 (AO21x1_ASAP7_75t_R)
     1    0.62    7.64   12.50  945.08 ^ _325128_/Y (AO21x1_ASAP7_75t_R)
                                         _071993_ (net)
                  7.64    0.00  945.08 ^ u_conv1.u_conv1_calc.s2_sc_r[14]$_DFFE_PN0P_/D (DFFASRHQNx1_ASAP7_75t_R)
                                945.08   data arrival time

                  0.00 1000.00 1000.00   clock clk (rise edge)
                          0.00 1000.00   clock network delay (ideal)
                          0.00 1000.00   clock reconvergence pessimism
                               1000.00 ^ u_conv1.u_conv1_calc.s2_sc_r[14]$_DFFE_PN0P_/CLK (DFFASRHQNx1_ASAP7_75t_R)
                        -14.75  985.25   library setup time
                                985.25   data required time
-----------------------------------------------------------------------------
                                985.25   data required time
                               -945.08   data arrival time
-----------------------------------------------------------------------------
                                 40.17   slack (MET)



==========================================================================
Post synthesis report_power
--------------------------------------------------------------------------
Group                  Internal  Switching    Leakage      Total
                          Power      Power      Power      Power (Watts)
----------------------------------------------------------------
Sequential             3.04e-02   6.41e-04   3.03e-06   3.11e-02  57.6%
Combinational          9.36e-03   1.35e-02   2.09e-05   2.29e-02  42.4%
Clock                  0.00e+00   0.00e+00   0.00e+00   0.00e+00   0.0%
Macro                  0.00e+00   0.00e+00   0.00e+00   0.00e+00   0.0%
Pad                    0.00e+00   0.00e+00   0.00e+00   0.00e+00   0.0%
----------------------------------------------------------------
Total                  3.98e-02   1.42e-02   2.39e-05   5.40e-02 100.0%
                          73.7%      26.3%       0.0%
